
Allocating common symbols
Common symbol       size              file

buffer1             0xf4240           dibujo.o
aaa                 0x4               dibujo.o
praw                0x4               raw_init.o
xxx                 0x4               dibujo.o
val                 0x5a000           dibujo.o
fd                  0x4               dibujo.o
i                   0x4               dibujo.o
buffer              0x4c4b40          dibujo.o
pimage              0x4               dibujo.o
bbb                 0x1               dibujo.o
j                   0x4               dibujo.o
yyy                 0x4               dibujo.o
AbWidgets           0xc               abmain.o
ggg                 0x1               dibujo.o
rrr                 0x1               dibujo.o

Discarded input sections

 __i686.get_pc_thunk.bx
                0x00000000        0x0 C:/QNX640/target/qnx6/x86/lib/crtbegin.o
 __i686.get_pc_thunk.bx
                0x00000000        0x0 C:/QNX640/target/qnx6/x86/lib/crtend.o
 .text.__i686.get_pc_thunk.bx
                0x00000000        0x0 C:/QNX640/target/qnx6/x86/lib/crtend.o

Memory Configuration

Name             Origin             Length             Attributes
*default*        0x00000000         0xffffffff

Linker script and memory map

TARGET(elf32-i386)
LOAD C:/QNX640/target/qnx6/x86/lib/crt1.o
LOAD C:/QNX640/target/qnx6/x86/lib/crti.o
LOAD C:/QNX640/target/qnx6/x86/lib/crtbegin.o
LOAD RawActivate.o
LOAD abmain.o
LOAD dibujo.o
LOAD raw_init.o
LOAD C:/QNX640/target/qnx6/x86/usr/lib/libphexlib.so
LOAD C:/QNX640/target/qnx6/x86/usr/lib/libAp.so
LOAD C:/QNX640/target/qnx6/x86/usr/lib/libph.so
LOAD C:/QNX640/target/qnx6/x86/lib/libm.so
LOAD C:/QNX640/host/win32/x86/usr/lib/gcc/i386-pc-nto-qnx6.4.0/4.2.4/libgcc.a
LOAD C:/QNX640/target/qnx6/x86/lib/libc.so
LOAD C:/QNX640/target/qnx6/x86/lib\libc.a
LOAD C:/QNX640/host/win32/x86/usr/lib/gcc/i386-pc-nto-qnx6.4.0/4.2.4/libgcc.a
LOAD C:/QNX640/target/qnx6/x86/lib/crtend.o
LOAD C:/QNX640/target/qnx6/x86/lib/crtn.o
                0x08048000                PROVIDE (__executable_start, 0x8048000)
                0x080480f4                . = (0x8048000 + SIZEOF_HEADERS)

.interp         0x080480f4       0x14
 *(.interp)
 .interp        0x080480f4       0x14 C:/QNX640/target/qnx6/x86/lib/crt1.o

.note           0x08048108       0x18
 .note          0x08048108       0x18 C:/QNX640/target/qnx6/x86/lib/crtn.o

.note.gnu.build-id
 *(.note.gnu.build-id)

.hash           0x08048120      0x14c
 *(.hash)
 .hash          0x08048120      0x14c C:/QNX640/target/qnx6/x86/lib/crt1.o

.gnu.hash
 *(.gnu.hash)

.dynsym         0x0804826c      0x2c0
 *(.dynsym)
 .dynsym        0x0804826c      0x2c0 C:/QNX640/target/qnx6/x86/lib/crt1.o

.dynstr         0x0804852c      0x1e8
 *(.dynstr)
 .dynstr        0x0804852c      0x1e8 C:/QNX640/target/qnx6/x86/lib/crt1.o

.gnu.version    0x08048714        0x0
 *(.gnu.version)
 .gnu.version   0x00000000        0x0 C:/QNX640/target/qnx6/x86/lib/crt1.o

.gnu.version_d  0x08048714        0x0
 *(.gnu.version_d)
 .gnu.version_d
                0x00000000        0x0 C:/QNX640/target/qnx6/x86/lib/crt1.o

.gnu.version_r  0x08048714        0x0
 *(.gnu.version_r)
 .gnu.version_r
                0x00000000        0x0 C:/QNX640/target/qnx6/x86/lib/crt1.o

.rel.dyn        0x08048714       0x40
 *(.rel.init)
 *(.rel.text .rel.text.* .rel.gnu.linkonce.t.*)
 .rel.text      0x00000000        0x0 C:/QNX640/target/qnx6/x86/lib/crt1.o
 *(.rel.fini)
 *(.rel.rodata .rel.rodata.* .rel.gnu.linkonce.r.*)
 .rel.rodata    0x00000000        0x0 C:/QNX640/target/qnx6/x86/lib/crt1.o
 *(.rel.data.rel.ro* .rel.gnu.linkonce.d.rel.ro.*)
 *(.rel.data .rel.data.* .rel.gnu.linkonce.d.*)
 .rel.data      0x00000000        0x0 C:/QNX640/target/qnx6/x86/lib/crt1.o
 *(.rel.tdata .rel.tdata.* .rel.gnu.linkonce.td.*)
 *(.rel.tbss .rel.tbss.* .rel.gnu.linkonce.tb.*)
 *(.rel.ctors)
 *(.rel.dtors)
 *(.rel.got)
 .rel.got       0x08048714        0x8 C:/QNX640/target/qnx6/x86/lib/crt1.o
 *(.rel.sdata .rel.sdata.* .rel.gnu.linkonce.s.*)
 *(.rel.sbss .rel.sbss.* .rel.gnu.linkonce.sb.*)
 *(.rel.sdata2 .rel.sdata2.* .rel.gnu.linkonce.s2.*)
 *(.rel.sbss2 .rel.sbss2.* .rel.gnu.linkonce.sb2.*)
 *(.rel.bss .rel.bss.* .rel.gnu.linkonce.b.*)
 .rel.bss       0x0804871c       0x38 C:/QNX640/target/qnx6/x86/lib/crt1.o

.rela.dyn
 *(.rela.init)
 *(.rela.text .rela.text.* .rela.gnu.linkonce.t.*)
 *(.rela.fini)
 *(.rela.rodata .rela.rodata.* .rela.gnu.linkonce.r.*)
 *(.rela.data .rela.data.* .rela.gnu.linkonce.d.*)
 *(.rela.tdata .rela.tdata.* .rela.gnu.linkonce.td.*)
 *(.rela.tbss .rela.tbss.* .rela.gnu.linkonce.tb.*)
 *(.rela.ctors)
 *(.rela.dtors)
 *(.rela.got)
 *(.rela.sdata .rela.sdata.* .rela.gnu.linkonce.s.*)
 *(.rela.sbss .rela.sbss.* .rela.gnu.linkonce.sb.*)
 *(.rela.sdata2 .rela.sdata2.* .rela.gnu.linkonce.s2.*)
 *(.rela.sbss2 .rela.sbss2.* .rela.gnu.linkonce.sb2.*)
 *(.rela.bss .rela.bss.* .rela.gnu.linkonce.b.*)

.rel.plt        0x08048754       0xe0
 *(.rel.plt)
 .rel.plt       0x08048754       0xe0 C:/QNX640/target/qnx6/x86/lib/crt1.o

.rela.plt
 *(.rela.plt)

.init           0x08048834        0x8
 *(.init)
 .init          0x08048834        0x0 C:/QNX640/target/qnx6/x86/lib/crti.o
                0x08048834                _init
 .init          0x08048834        0x5 C:/QNX640/target/qnx6/x86/lib/crtend.o
 .init          0x08048839        0x3 C:/QNX640/target/qnx6/x86/lib/crtn.o

.plt            0x0804883c      0x1d0
 *(.plt)
 .plt           0x0804883c      0x1d0 C:/QNX640/target/qnx6/x86/lib/crt1.o
                0x0804884c                ApLinkWindow
                0x0804885c                open
                0x0804886c                PtClipRemove
                0x0804887c                PhDCGetCurrent
                0x0804888c                PtCalcCanvas
                0x0804889c                PtMainLoop
                0x080488ac                __cxa_finalize
                0x080488bc                _init_array
                0x080488cc                PgDrawIRectCx
                0x080488dc                ApInitialize
                0x080488ec                read
                0x080488fc                atexit
                0x0804890c                PgGetGCCx
                0x0804891c                _init_libc
                0x0804892c                close
                0x0804893c                PtDamageWidget
                0x0804894c                PgSetFillColorCx
                0x0804895c                perror
                0x0804896c                PgSetStrokeColorCx
                0x0804897c                PtExit
                0x0804898c                _fini_array
                0x0804899c                _preinit_array
                0x080489ac                PgFlushCx
                0x080489bc                PtClipAdd
                0x080489cc                exit
                0x080489dc                PtDefaultGC
                0x080489ec                PgDrawILineCx
                0x080489fc                PgDrawImageCx

.text           0x08048a10      0x468
                0x08048a10                _btext = .
 *(.text .stub .text.* .gnu.linkonce.t.*)
 .text          0x08048a10       0x91 C:/QNX640/target/qnx6/x86/lib/crt1.o
                0x08048a18                _start
 *fill*         0x08048aa1        0x3 9090
 .text          0x08048aa4        0x0 C:/QNX640/target/qnx6/x86/lib/crti.o
 *fill*         0x08048aa4        0xc 9090
 .text          0x08048ab0       0x58 C:/QNX640/target/qnx6/x86/lib/crtbegin.o
 .text.__i686.get_pc_thunk.bx
                0x08048b08        0x4 C:/QNX640/target/qnx6/x86/lib/crtbegin.o
                0x08048b08                __i686.get_pc_thunk.bx
 .text          0x08048b0c       0x1a RawActivate.o
                0x08048b0c                RawActivate
 *fill*         0x08048b26        0x2 9090
 .text          0x08048b28       0x6f abmain.o
                0x08048b28                main
 *fill*         0x08048b97        0x1 9090
 .text          0x08048b98      0x266 dibujo.o
                0x08048b98                dibujo
 *fill*         0x08048dfe        0x2 9090
 .text          0x08048e00       0x29 raw_init.o
                0x08048e00                raw_init
 *fill*         0x08048e29        0x7 9090
 .text          0x08048e30       0x48 C:/QNX640/target/qnx6/x86/lib/crtend.o
 .text          0x08048e78        0x0 C:/QNX640/target/qnx6/x86/lib/crtn.o
 *(.text.*personality*)
 *(.gnu.warning)

.fini           0x08048e78        0x8
 *(.fini)
 .fini          0x08048e78        0x0 C:/QNX640/target/qnx6/x86/lib/crti.o
                0x08048e78                _fini
 .fini          0x08048e78        0x5 C:/QNX640/target/qnx6/x86/lib/crtbegin.o
 .fini          0x08048e7d        0x3 C:/QNX640/target/qnx6/x86/lib/crtn.o
                0x08048e80                PROVIDE (__etext, .)
                0x08048e80                PROVIDE (_etext, .)
                0x08048e80                PROVIDE (etext, .)

.rodata         0x08048e80      0x263
 *(.rodata .rodata.* .gnu.linkonce.r.*)
 .rodata        0x08048e80      0x208 abmain.o
                0x08048e90                ABN_base
                0x08048e80                ApOptions
                0x08048e98                ABN_Timer
                0x08048e94                ABN_RawZone
 .rodata.str1.1
                0x08049088       0x37 abmain.o
                                 0x3d (size before relaxing)
 .rodata.str1.1
                0x080490bf       0x24 dibujo.o

.rodata1
 *(.rodata1)

.sdata2
 *(.sdata2 .sdata2.* .gnu.linkonce.s2.*)

.sbss2
 *(.sbss2 .sbss2.* .gnu.linkonce.sb2.*)

.eh_frame_hdr
 *(.eh_frame_hdr)

.eh_frame
 *(.eh_frame)

.gcc_except_table
 *(.gcc_except_table .gcc_except_table.*)
                0x0804a0e3                . = (ALIGN (0x1000) + (. & 0xfff))

.eh_frame
 *(.eh_frame)

.gcc_except_table
 *(.gcc_except_table .gcc_except_table.*)

.tdata
 *(.tdata .tdata.* .gnu.linkonce.td.*)

.tbss
 *(.tbss .tbss.* .gnu.linkonce.tb.*)
 *(.tcommon)

.preinit_array  0x0804a0e3        0x0
                0x0804a0e3                PROVIDE (__preinit_array_start, .)
 *(.preinit_array)
                0x0804a0e3                PROVIDE (__preinit_array_end, .)

.init_array     0x0804a0e3        0x0
                0x0804a0e3                PROVIDE (__init_array_start, .)
 *(SORT(.init_array.*))
 *(.init_array)
                0x0804a0e3                PROVIDE (__init_array_end, .)

.fini_array     0x0804a0e3        0x0
                0x0804a0e3                PROVIDE (__fini_array_start, .)
 *(.fini_array)
 *(SORT(.fini_array.*))
                0x0804a0e3                PROVIDE (__fini_array_end, .)

.ctors          0x0804a0e4        0x8
 *crtbegin.o(.ctors)
 .ctors         0x0804a0e4        0x4 C:/QNX640/target/qnx6/x86/lib/crtbegin.o
 *crtbegin?.o(.ctors)
 *(EXCLUDE_FILE(*crtend?.o *crtend.o) .ctors)
 *(SORT(.ctors.*))
 *(.ctors)
 .ctors         0x0804a0e8        0x4 C:/QNX640/target/qnx6/x86/lib/crtend.o

.dtors          0x0804a0ec        0x8
 *crtbegin.o(.dtors)
 .dtors         0x0804a0ec        0x4 C:/QNX640/target/qnx6/x86/lib/crtbegin.o
 *crtbegin?.o(.dtors)
 *(EXCLUDE_FILE(*crtend?.o *crtend.o) .dtors)
 *(SORT(.dtors.*))
 *(.dtors)
 .dtors         0x0804a0f0        0x4 C:/QNX640/target/qnx6/x86/lib/crtend.o

.jcr
 *(.jcr)

.data.rel.ro
 *(.data.rel.ro.local* .gnu.linkonce.d.rel.ro.local.*)
 *(.data.rel.ro* .gnu.linkonce.d.rel.ro.*)

.dynamic        0x0804a0f4       0xd0
 *(.dynamic)
 .dynamic       0x0804a0f4       0xd0 C:/QNX640/target/qnx6/x86/lib/crt1.o
                0x0804a0f4                _DYNAMIC

.data           0x0804a1e0       0x68
 *(.data .data.* .gnu.linkonce.d.*)
 .data          0x0804a1e0        0x0 C:/QNX640/target/qnx6/x86/lib/crt1.o
 .data          0x0804a1e0        0x0 C:/QNX640/target/qnx6/x86/lib/crti.o
 .data          0x0804a1e0        0x0 C:/QNX640/target/qnx6/x86/lib/crtbegin.o
 .data.rel      0x0804a1e0        0x4 C:/QNX640/target/qnx6/x86/lib/crtbegin.o
                0x0804a1e0                __dso_handle
 .data.rel.local
                0x0804a1e4        0x4 C:/QNX640/target/qnx6/x86/lib/crtbegin.o
 .data          0x0804a1e8        0x0 RawActivate.o
 *fill*         0x0804a1e8       0x18 00
 .data          0x0804a200       0x40 abmain.o
                0x0804a220                AbContext
                0x0804a200                base
 .data          0x0804a240        0x4 dibujo.o
                0x0804a240                ImageBPL
 .data          0x0804a244        0x0 raw_init.o
 .data          0x0804a244        0x0 C:/QNX640/target/qnx6/x86/lib/crtend.o
 .data.rel.local
                0x0804a244        0x4 C:/QNX640/target/qnx6/x86/lib/crtend.o
 .data          0x0804a248        0x0 C:/QNX640/target/qnx6/x86/lib/crtn.o
 *(.gnu.linkonce.d.*personality*)

.data1
 *(.data1)

.got            0x0804a248       0x80
 *(.got.plt)
 .got.plt       0x0804a248       0x7c C:/QNX640/target/qnx6/x86/lib/crt1.o
                0x0804a248                _GLOBAL_OFFSET_TABLE_
 *(.got)
 .got           0x0804a2c4        0x4 C:/QNX640/target/qnx6/x86/lib/crt1.o

.sdata
 *(.sdata .sdata.* .gnu.linkonce.s.*)
                0x0804a2c8                _edata = .
                0x0804a2c8                PROVIDE (edata, .)
                0x0804a2c8                __bss_start = .

.sbss
 *(.dynsbss)
 *(.sbss .sbss.* .gnu.linkonce.sb.*)
 *(.scommon)

.bss            0x0804a2e0   0x612e78
 *(.dynbss)
 .dynbss        0x0804a2e0       0x80 C:/QNX640/target/qnx6/x86/lib/crt1.o
                0x0804a2e0                errno
                0x0804a2f0                PtTimer
                0x0804a300                _Ap_
                0x0804a350                PtWindow
                0x0804a354                PtOSContainer
                0x0804a358                PtRaw
                0x0804a35c                PtBasic
 *(.bss .bss.* .gnu.linkonce.b.*)
 .bss           0x0804a360        0x0 C:/QNX640/target/qnx6/x86/lib/crt1.o
 .bss           0x0804a360        0x0 C:/QNX640/target/qnx6/x86/lib/crti.o
 .bss           0x0804a360        0x0 C:/QNX640/target/qnx6/x86/lib/crtbegin.o
 .bss           0x0804a360        0x0 RawActivate.o
 .bss           0x0804a360        0x0 abmain.o
 .bss           0x0804a360        0x4 dibujo.o
                0x0804a360                state
 .bss           0x0804a364        0x0 raw_init.o
 .bss           0x0804a364        0x0 C:/QNX640/target/qnx6/x86/lib/crtend.o
 .bss           0x0804a364        0x0 C:/QNX640/target/qnx6/x86/lib/crtn.o
 *(COMMON)
 COMMON         0x0804a364        0xc abmain.o
                0x0804a364                AbWidgets
 *fill*         0x0804a370       0x10 00
 COMMON         0x0804a380   0x612dd2 dibujo.o
                0x0804a380                buffer1
                0x0813e5c0                aaa
                0x0813e5c4                xxx
                0x0813e5e0                val
                0x081985e0                fd
                0x081985e4                i
                0x08198600                buffer
                0x0865d140                pimage
                0x0865d144                bbb
                0x0865d148                j
                0x0865d14c                yyy
                0x0865d150                ggg
                0x0865d151                rrr
 *fill*         0x0865d152        0x2 00
 COMMON         0x0865d154        0x4 raw_init.o
                0x0865d154                praw
                0x0865d158                . = ALIGN ((. != 0x0)?0x4:0x1)
                0x0865d158                . = ALIGN (0x4)
                0x0865d158                . = ALIGN (0x4)
                0x0865d158                _end = .
                0x0865d158                PROVIDE (end, .)

.stab
 *(.stab)

.stabstr
 *(.stabstr)

.stab.excl
 *(.stab.excl)

.stab.exclstr
 *(.stab.exclstr)

.stab.index
 *(.stab.index)

.stab.indexstr
 *(.stab.indexstr)

.comment        0x00000000       0x6c
 *(.comment)
 .comment       0x00000000       0x12 C:/QNX640/target/qnx6/x86/lib/crtbegin.o
 .comment       0x00000012       0x12 RawActivate.o
 .comment       0x00000024       0x12 abmain.o
 .comment       0x00000036       0x12 dibujo.o
 .comment       0x00000048       0x12 raw_init.o
 .comment       0x0000005a       0x12 C:/QNX640/target/qnx6/x86/lib/crtend.o

.debug
 *(.debug)

.line
 *(.line)

.debug_srcinfo
 *(.debug_srcinfo)

.debug_sfnames
 *(.debug_sfnames)

.debug_aranges  0x00000000       0x80
 *(.debug_aranges)
 .debug_aranges
                0x00000000       0x20 RawActivate.o
 .debug_aranges
                0x00000020       0x20 abmain.o
 .debug_aranges
                0x00000040       0x20 dibujo.o
 .debug_aranges
                0x00000060       0x20 raw_init.o

.debug_pubnames
                0x00000000      0x164
 *(.debug_pubnames)
 .debug_pubnames
                0x00000000       0x22 RawActivate.o
 .debug_pubnames
                0x00000022       0x79 abmain.o
 .debug_pubnames
                0x0000009b       0xa1 dibujo.o
 .debug_pubnames
                0x0000013c       0x28 raw_init.o

.debug_info     0x00000000     0x5460
 *(.debug_info .gnu.linkonce.wi.*)
 .debug_info    0x00000000     0x12e6 RawActivate.o
 .debug_info    0x000012e6     0x183f abmain.o
 .debug_info    0x00002b25     0x16ea dibujo.o
 .debug_info    0x0000420f     0x1251 raw_init.o

.debug_abbrev   0x00000000      0x68c
 *(.debug_abbrev)
 .debug_abbrev  0x00000000      0x173 RawActivate.o
 .debug_abbrev  0x00000173      0x1a9 abmain.o
 .debug_abbrev  0x0000031c      0x1ec dibujo.o
 .debug_abbrev  0x00000508      0x184 raw_init.o

.debug_line     0x00000000      0x512
 *(.debug_line)
 .debug_line    0x00000000      0x110 RawActivate.o
 .debug_line    0x00000110      0x1a6 abmain.o
 .debug_line    0x000002b6      0x148 dibujo.o
 .debug_line    0x000003fe      0x114 raw_init.o

.debug_frame    0x00000000       0xc8
 *(.debug_frame)
 .debug_frame   0x00000000       0x2c RawActivate.o
 .debug_frame   0x0000002c       0x3c abmain.o
 .debug_frame   0x00000068       0x34 dibujo.o
 .debug_frame   0x0000009c       0x2c raw_init.o

.debug_str      0x00000000      0xe42
 *(.debug_str)
 .debug_str     0x00000000      0x933 RawActivate.o
                                0xa57 (size before relaxing)
 .debug_str     0x00000933      0x30b abmain.o
                                0xd3f (size before relaxing)
 .debug_str     0x00000c3e      0x1ed dibujo.o
                                0xbd8 (size before relaxing)
 .debug_str     0x00000e2b       0x17 raw_init.o
                                0xa03 (size before relaxing)

.debug_loc      0x00000000      0x15b
 *(.debug_loc)
 .debug_loc     0x00000000       0x2c RawActivate.o
 .debug_loc     0x0000002c       0x43 abmain.o
 .debug_loc     0x0000006f       0x95 dibujo.o
 .debug_loc     0x00000104       0x57 raw_init.o

.debug_macinfo
 *(.debug_macinfo)

.debug_weaknames
 *(.debug_weaknames)

.debug_funcnames
 *(.debug_funcnames)

.debug_typenames
 *(.debug_typenames)

.debug_varnames
 *(.debug_varnames)

.debug_pubtypes
 *(.debug_pubtypes)

.debug_ranges
 *(.debug_ranges)

.gnu.attributes
 *(.gnu.attributes)

/DISCARD/
 *(.note.GNU-stack)
 *(.gnu_debuglink)
OUTPUT(testbt848 elf32-i386)
